1  328 3602 VTW CO 00 1301664815.000001 1301810465.000001 s4  349 3605 HHE CO 00 1332256617.68 1334767678.679998 s4  345 3605 HHN CO 00 1332256617.68 1334767678.679998 s4  344 3605 HHZ CO 00 1332256617.68 1334767678.679998 s4  358 3605 LCE CO -- 1332256618 1334767678.999998 s4  354 3605 LCQ CO -- 1332256618 1334767678.999998 s4  352 3605 LTW CO -- 1332256618 1334767678.999998 s4  353 3605 VCE CO -- 1332256425 1334767484.999998 s4  361 3605 VCO CO -- 1332256628 1334767687.999998 s4  359 3605 VCQ CO -- 1332256425 1334767484.999998 s4  346 3605 VEA CO -- 1332256628 1334767687.999998 s4  356 3605 VEC CO -- 1332256628 1334767687.999998 s4  360 3605 VEP CO -- 1332256628 1334767687.999998 s4  351 3605 VFP CO -- 1332256634 1334767683.999998 s4  348 3605 VKI CO -- 1332256628 1334767687.999998 s4  355 3605 VM1 CO -- 1332256630 1334767679.999998 s4  350 3605 VM2 CO -- 1332256630 1334767679.999998 s4  357 3605 VM3 CO -- 1332256630 1334767679.999998 s4  347 3605 VTW CO -- 1332256425 1334767484.999998 s4  233 A04B CH1 CO 00 1311619488.465 1311621115.525 s4  231 A04B CH2 CO 00 1311619488.465 1311621111.625 s4  232 A04B CH3 CO 00 1311619488.4850001 1311621114.225 s4  222 A064 CH1 CO 00 1308182400.995 1331742518.4 s4  223 A064 CH2 CO 00 1308182402.085 1331742513.73 s4  224 A064 CH3 CO 00 1308182412.815 1331742516.44 s4  227 A064 CH4 CO 00 1308182401.7350001 1314723158.58 s4  226 A064 CH5 CO 00 1308182403.425 1314723161.87 s4  225 A064 CH6 CO 00 1308182400.305 1314723161.65 s4  343 A0B7 C03 S0 -- 1332247579.005 1332247687.615 s4  342 A0B7 C04 S0 -- 1332247579.005 1332247687.615 s4  341 A0B7 C05 S0 -- 1332247579.005 1332247687.615 s4  335 A0B7 CH1 CO 00 1331747569.4850001 1334766607.415 s4  337 A0B7 CH2 CO 00 1331747571.295 1334766607.415 s4  336 A0B7 CH3 CO 00 1331747570.345 1334766607.415 s4  338 A0B7 CH4 CO 00 1332246391.245 1334766607.415 s4  339 A0B7 CH5 CO 00 1332246391.275 1334766607.415 s4  340 A0B7 CH6 CO 00 1332246391.2649999 1334766607.415 s4  369 A898 CH1 CO 00 1311608766.975 1334766620.615 s4  370 A898 CH2 CO 00 1311608766.7350001 1334766620.615 s4  368 A898 CH3 CO 00 1311608767.655 1334766620.615 s4  43 ADSC HNE NM 00 1245421711 1335473361 s4  42 ADSC HNN NM 00 1245421705 1335473361 s4  40 ADSC HNZ NM 00 1245421713 1335473385 s4  162 BIRD BHE CO 00 1270582622.680001 1302708794.68 s4  163 BIRD BHN CO 00 1270582622.680001 1302708794.68 s4  170 BIRD BHZ CO 00 1270582622.680001 1302708794.68 s4  313 BIRD EHZ CO 00 1308852306.68 1334858092.68 s4  283 BIRD HHE CO 00 1270582622.680001 1335473342.68 s4  282 BIRD HHN CO 00 1270582622.680001 1335445609.68 s4  281 BIRD HHZ CO 00 1302708794.68 1335473392.68 s4  167 BIRD LCE CO -- 1270582623.000001 1335473343 s4  160 BIRD LCQ CO -- 1270582623.000001 1335473343 s4  172 BIRD LTW CO -- 1270582623.000001 1335473343 s4  164 BIRD VCE CO -- 1270582435.000006 1335473205 s4  173 BIRD VCO CO -- 1270582638.00001 1335473338 s4  166 BIRD VCQ CO -- 1270582435.000006 1335473205 s4  169 BIRD VEA CO -- 1270582638.00001 1335473338 s4  176 BIRD VEC CO -- 1270582638.00001 1335473338 s4  161 BIRD VEP CO -- 1270582638.00001 1335473338 s4  171 BIRD VFP CO -- 1270582644.000014 1335473344 s4  168 BIRD VKI CO -- 1270582638.00001 1335473338 s4  177 BIRD VM1 CO -- 1270582640.00001 1335473390 s4  175 BIRD VM2 CO -- 1270582640.00001 1335473390 s4  165 BIRD VM3 CO -- 1270582640.00001 1335473390 s4  174 BIRD VTW CO -- 1270582435.000006 1335473205 s4  49 C1SC HNE NM 00 1245421720 1335473377 s4  44 C1SC HNN NM 00 1245421716 1335473351 s4  39 C1SC HNZ NM 00 1245421722 1335473393 s4  45 C2SC HNE NM 00 1245421716 1335473380 s4  47 C2SC HNN NM 00 1245421718 1335473346 s4  38 C2SC HNZ NM 00 1245421722 1335473393 s4  97 CASEE BHE CO 00 1263427204.915 1302709480.92 s4  96 CASEE BHN CO 00 1263427202.395 1302709476.22 s4  95 CASEE BHZ CO 00 1263427208.205 1302709484.01 s4  213 CASEE ENE CO 00 1279732203.175 1302032423.24 s4  214 CASEE ENN CO 00 1279732203.155 1302032423.24 s4  215 CASEE ENZ CO 00 1279732203.3 1302032423.24 s4  289 CASEE HHE CO 00 1302709489.88 1335473360 s4  288 CASEE HHN CO 00 1302709484.8 1335473360 s4  286 CASEE HHZ CO 00 1302709492.93 1335473390 s4  276 CASEE HNE CO 00 1302204757.685 1335467301.245 s4  277 CASEE HNN CO 00 1302204757.685 1335467301.245 s4  275 CASEE HNZ CO 00 1302204757.69 1335467301.245 s4  312 CNNC BH1 US 00 1321228800.525 1335473353.525 s4  311 CNNC BH2 US 00 1321142400.525 1335473352.525 s4  32 CNNC BHZ US 00 1321142400.525 1335473393.525 s4  310 CSB EH1 CO 00 1305667249.5 1335473343.665 s4  307 CSB EH2 CO 00 1305666573.56 1335473379.305 s4  13 CSB EHE CO 00 1239649728.315 1305666567.04 s4  7 CSB EHN CO 00 1239649719.915 1305663659.01 s4  21 CSB EHZ CO 00 1239649732.745 1335473388.625 s4  101 GOGA BH1 US 00 1321142400.525 1335473364.525 s4  300 GOGA BH1 US 10 1321142400.525 1335473384.525 s4  102 GOGA BH2 US 00 1321142400.525 1335473364.525 s4  301 GOGA BH2 US 10 1321142400.525 1335473337.525 s4  30 GOGA BHZ US 00 1321142400.525 1335473393.525 s4  299 GOGA BHZ US 10 1321142400.525 1335473393.525 s4  324 HAW AE6 CO 00 1309222126 1335473042 s4  317 HAW AM8 CO 00 1309089396 1335404522 s4  318 HAW AM9 CO 00 1309089396 1335404522 s4  319 HAW AMA CO 00 1309089396 1335404522 s4  315 HAW AMC CO 00 1309089396 1335404522 s4  316 HAW AMF CO 00 1309089396 1335404522 s4  321 HAW AN6 CO 00 1309221716 1335472542 s4  320 HAW AX2 CO 00 1309222421 1335473367 s4  322 HAW AZ6 CO 00 1309221242 1335472542 s4  185 HAW BHE CO 00 1273239127 1302709690 s4  244 HAW BHE CO 01 1289320368 1292264780 s4  186 HAW BHN CO 00 1268317289 1302709694 s4  243 HAW BHN CO 01 1289320363 1292264787 s4  184 HAW BHZ CO 00 1268317289 1302709691 s4  187 HAW BHZ CO 01 1273243317 1292264782 s4  294 HAW HH1 CO 00 1268317289 1335473347 s4  295 HAW HH2 CO 00 1301193275 1335473340 s4  292 HAW HHE CO 00 1302709690 1302709774 s4  365 HAW HHE CO 02 1333658070 1335473374 s4  364 HAW HHE CO 03 1333658062 1335473372 s4  293 HAW HHN CO 00 1302709694 1302709771 s4  367 HAW HHN CO 02 1333658074 1335473370 s4  366 HAW HHN CO 03 1333658071 1335473339 s4  291 HAW HHZ CO 00 1268317289 1331317796 s4  362 HAW HHZ CO 02 1333658073 1335473372 s4  363 HAW HHZ CO 03 1333658072 1335473371 s4  314 HAW XXX CO 00 1308872151 1309222421 s4  146 HODGE BHE CO 00 1269367946.68 1302708422.679995 s4  149 HODGE BHN CO 00 1269367946.68 1302708422.679995 s4  142 HODGE BHZ CO 00 1269367946.68 1302708422.679995 s4  279 HODGE HHE CO 00 1302708422.679996 1335473347.68 s4  280 HODGE HHN CO 00 1302708422.679996 1335473347.68 s4  278 HODGE HHZ CO 00 1302708422.679996 1335473393.680001 s4  154 HODGE LCE CO -- 1269367947 1335473355 s4  151 HODGE LCQ CO -- 1269367947 1335473355 s4  150 HODGE LTW CO -- 1269367947 1335473355 s4  144 HODGE VCE CO -- 1269367755 1335473205.000001 s4  153 HODGE VCO CO -- 1269367948 1335473368 s4  143 HODGE VCQ CO -- 1269367755 1335473205.000001 s4  147 HODGE VEA CO -- 1269367948 1335473368 s4  152 HODGE VEC CO -- 1269367948 1335473358 s4  155 HODGE VEP CO -- 1269367948 1335473368 s4  159 HODGE VFP CO -- 1269367954 1335473374 s4  148 HODGE VKI CO -- 1269367948 1335473368 s4  156 HODGE VM1 CO -- 1269367950 1335473370 s4  158 HODGE VM2 CO -- 1269367950 1335473370 s4  157 HODGE VM3 CO -- 1269367950 1335473370 s4  145 HODGE VTW CO -- 1269367755 1335473205.000001 s4  12 HPC BHE CO 00 1239649732.545 1273109119.755 s4  24 HPC BHN CO 00 1239649774.355 1273109122.255 s4  20 HPC BHZ CO 00 1239649736.305 1273109118.155 s4  9 JSC BHE CO 00 1263427201.305 1302709475.58 s4  25 JSC BHN CO 00 1263427207.205 1302709475.69 s4  1 JSC BHZ CO 00 1263427203.725 1302709482.29 s4  255 JSC EHE CO 00 1299846115.165 1302100013.2350001 s4  256 JSC EHN CO 00 1299846115.305 1302100013.2350001 s4  254 JSC EHZ CO 00 1299846116.67 1302100013.2350001 s4  218 JSC ENE CO 00 1279732384.935 1299511731.275 s4  217 JSC ENN CO 00 1279732385.245 1299511733.085 s4  216 JSC ENZ CO 00 1279732385.68 1299511731.54 s4  287 JSC HHE CO 00 1302709484.3600001 1335473357.91 s4  290 JSC HHN CO 00 1302709492.6100001 1335473357.94 s4  285 JSC HHZ CO 00 1302709490.69 1335473386.51 s4  305 JSC HNE CO 00 1305397735.3 1335188022.115 s4  306 JSC HNN CO 00 1305397735.3 1335188022.115 s4  304 JSC HNZ CO 00 1305397735.305 1335188022.115 s4  236 KMSC BHE TA -- 1321142400.525 1335473375.525 s4  234 KMSC BHN TA -- 1321142400.525 1335473373.524998 s4  235 KMSC BHZ TA -- 1321142400.525 1335473395.525 s4  334 KMSC HNE TA -- 1322415855.968393 1335473374.968393 s4  331 KMSC HNN TA -- 1322415855.968393 1335473362.968393 s4  330 KMSC HNZ TA -- 1322415855.968393 1335473395.968393 s4  302 NHSC BH1 US 00 1321142400.525 1335473356.525 s4  303 NHSC BH2 US 00 1321142400.525 1335473377.525 s4  31 NHSC BHZ US 00 1321142400.525 1335473392.525 s4  188 PAULI BHE CO 00 1273773555.68 1274986290.679996 s4  189 PAULI BHN CO 00 1273773555.68 1274986290.679996 s4  190 PAULI BHZ CO 00 1273773555.68 1302709136.68 s4  284 PAULI EHZ CO 00 1302709136.679998 1303829939.68 s4  298 PAULI HHE CO 00 1303829936.68 1335473351.68 s4  297 PAULI HHN CO 00 1303829936.68 1335473351.68 s4  296 PAULI HHZ CO 00 1303829939.68 1335473389.68 s4  192 PAULI LCE CO -- 1273773556 1335473363 s4  193 PAULI LCQ CO -- 1273773556 1335473385.000001 s4  195 PAULI LTW CO -- 1273773556 1335473385.000001 s4  198 PAULI VCE CO -- 1273773365 1335473205 s4  205 PAULI VCO CO -- 1273773568 1275419718.0000029 s4  191 PAULI VCQ CO -- 1273773365 1335473205 s4  203 PAULI VEA CO -- 1273773568 1335473338.000001 s4  204 PAULI VEC CO -- 1273773568 1335473338.000001 s4  202 PAULI VEP CO -- 1273773568 1335473338.000001 s4  196 PAULI VFP CO -- 1273773574 1335473394.000001 s4  201 PAULI VKI CO -- 1273773568 1275417618.000009 s4  206 PAULI VKI CO 00 1275419898.0000029 1335473338.000001 s4  200 PAULI VM1 CO -- 1273773570 1335473360.000001 s4  199 PAULI VM2 CO -- 1273773570 1335473360.000001 s4  197 PAULI VM3 CO -- 1273773570 1335473360.000001 s4  194 PAULI VTW CO -- 1273773365 1335473205 s4  308 RGR EH1 CO 00 1305666581.885 1335473360.09 s4  309 RGR EH2 CO 00 1305666581.885 1335473359.87 s4  4 RGR EHE CO 00 1239649674.755 1305666572.965 s4  28 RGR EHN CO 00 1239649791.075 1305666572.965 s4  6 RGR EHZ CO 00 1239649761.275 1335473392.69 s4  46 TRSC HNE NM 00 1245421717 1335473380 s4  48 TRSC HNN NM 00 1245421719 1335473355 s4  41 TRSC HNZ NM 00 1245421717 1335473390 s4  37 TRYN EHZ ET 00 1321142400.25019 1335473394.581335 s4 

