1  358 3605 LCE CO 1332256618 1334767678.999998 s4  354 3605 LCQ CO 1332256618 1334767678.999998 s4  352 3605 LTW CO 1332256618 1334767678.999998 s4  353 3605 VCE CO 1332256425 1334767484.999998 s4  361 3605 VCO CO 1332256628 1334767687.999998 s4  359 3605 VCQ CO 1332256425 1334767484.999998 s4  346 3605 VEA CO 1332256628 1334767687.999998 s4  356 3605 VEC CO 1332256628 1334767687.999998 s4  360 3605 VEP CO 1332256628 1334767687.999998 s4  351 3605 VFP CO 1332256634 1334767683.999998 s4  348 3605 VKI CO 1332256628 1334767687.999998 s4  355 3605 VM1 CO 1332256630 1334767679.999998 s4  350 3605 VM2 CO 1332256630 1334767679.999998 s4  357 3605 VM3 CO 1332256630 1334767679.999998 s4  347 3605 VTW CO 1332256425 1334767484.999998 s4  343 A0B7 C03 S0 1332247579.005 1332247687.615 s4  342 A0B7 C04 S0 1332247579.005 1332247687.615 s4  341 A0B7 C05 S0 1332247579.005 1332247687.615 s4  167 BIRD LCE CO 1270582623.000001 1335460791.999998 s4  160 BIRD LCQ CO 1270582623.000001 1335460791.999998 s4  172 BIRD LTW CO 1270582623.000001 1335460791.999998 s4  164 BIRD VCE CO 1270582435.000006 1335460624.999998 s4  173 BIRD VCO CO 1270582638.00001 1335460768 s4  166 BIRD VCQ CO 1270582435.000006 1335460624.999998 s4  169 BIRD VEA CO 1270582638.00001 1335460808 s4  176 BIRD VEC CO 1270582638.00001 1335460808 s4  161 BIRD VEP CO 1270582638.00001 1335460808 s4  171 BIRD VFP CO 1270582644.000014 1335460803.999998 s4  168 BIRD VKI CO 1270582638.00001 1335460808 s4  177 BIRD VM1 CO 1270582640.00001 1335460769.999998 s4  175 BIRD VM2 CO 1270582640.00001 1335460769.999998 s4  165 BIRD VM3 CO 1270582640.00001 1335460769.999998 s4  174 BIRD VTW CO 1270582435.000006 1335460624.999998 s4  154 HODGE LCE CO 1269367947 1335460761 s4  151 HODGE LCQ CO 1269367947 1335460761 s4  150 HODGE LTW CO 1269367947 1335460761 s4  144 HODGE VCE CO 1269367755 1335460575 s4  153 HODGE VCO CO 1269367948 1335460768 s4  143 HODGE VCQ CO 1269367755 1335460575 s4  147 HODGE VEA CO 1269367948 1335460768 s4  152 HODGE VEC CO 1269367948 1335460768 s4  155 HODGE VEP CO 1269367948 1335460768 s4  159 HODGE VFP CO 1269367954 1335460764.000001 s4  148 HODGE VKI CO 1269367948 1335460768 s4  156 HODGE VM1 CO 1269367950 1335460770 s4  158 HODGE VM2 CO 1269367950 1335460770 s4  157 HODGE VM3 CO 1269367950 1335460770 s4  145 HODGE VTW CO 1269367755 1335460575 s4  236 KMSC BHE TA 1321142400.525 1335460774.524998 s4  234 KMSC BHN TA 1321142400.525 1335460771.524998 s4  235 KMSC BHZ TA 1321142400.525 1335460819.525 s4  334 KMSC HNE TA 1322415855.968393 1335460784.968391 s4  331 KMSC HNN TA 1322415855.968393 1335460761.968393 s4  330 KMSC HNZ TA 1322415855.968393 1335460819.968393 s4  192 PAULI LCE CO 1273773556 1335460814 s4  193 PAULI LCQ CO 1273773556 1335460814 s4  195 PAULI LTW CO 1273773556 1335460814 s4  198 PAULI VCE CO 1273773365 1335460625 s4  205 PAULI VCO CO 1273773568 1275419718.0000029 s4  191 PAULI VCQ CO 1273773365 1335460625 s4  203 PAULI VEA CO 1273773568 1335460788.000001 s4  204 PAULI VEC CO 1273773568 1335460788.000001 s4  202 PAULI VEP CO 1273773568 1335460788.000001 s4  196 PAULI VFP CO 1273773574 1335460804 s4  201 PAULI VKI CO 1273773568 1275417618.000009 s4  200 PAULI VM1 CO 1273773570 1335460790 s4  199 PAULI VM2 CO 1273773570 1335460790 s4  197 PAULI VM3 CO 1273773570 1335460790 s4  194 PAULI VTW CO 1273773365 1335460625 s4

